I"3<h2 id="简介">简介</h2>
<p>Ruby On Rails 应用的部署方式有很多种。比如capistrano, mina, heroku, passenger等等。在这里介绍的是capistrano3, 在Ubuntu 14.04的机器上部署, 所需要的包括ruby的环境, rbenv版本控制, nginx, mysql, puma, ssh的设置等等。</p>

<h2 id="第一步-设置ssh登录">第一步, 设置ssh登录</h2>
<p>这里推荐学习阮一峰老师的<a href="http://www.ruanyifeng.com/blog/2014/03/server_setup.html">Linux服务器的初步配置流程</a>。在这里面需要注意的是: 一般像Aliyun的服务器,或者腾讯云的服务器,完成前面三个步骤就行了。</p>

<h2 id="第二步-安装rbenv-并且配置ruby">第二步, 安装Rbenv, 并且配置Ruby</h2>
<p>首先，我们安装Rbenv</p>

<p><code class="highlighter-rouge">
$ sudo apt-get update
</code></p>

<p>安装rbenv和ruby的一些依赖</p>

<div class="highlighter-rouge"><div class="highlight"><pre class="highlight"><code>$ sudo apt-get install git-core curl zlib1g-dev build-essential libssl-dev libreadline-dev libyaml-dev libsqlite3-dev sqlite3 libxml2-dev libxslt1-dev libcurl4-openssl-dev python-software-properties libffi-dev
</code></pre></div></div>

<p>现在我们安装好了rbenv, 运行下面的命令来配置好它。</p>

<div class="highlighter-rouge"><div class="highlight"><pre class="highlight"><code>$ cd
$ git clone git://github.com/sstephenson/rbenv.git .rbenv
$ echo 'export PATH="$HOME/.rbenv/bin:$PATH"' &gt;&gt; ~/.bash_profile
$ echo 'eval "$(rbenv init -)"' &gt;&gt; ~/.bash_profile
$
$ git clone git://github.com/sstephenson/ruby-build.git ~/.rbenv/plugins/ruby-build
$ echo 'export PATH="$HOME/.rbenv/plugins/ruby-build/bin:$PATH"' &gt;&gt; ~/.bash_profile
$ source ~/.bash_profile
</code></pre></div></div>

<p>现在我们来安装ruby。</p>

<div class="highlighter-rouge"><div class="highlight"><pre class="highlight"><code>rbenv install -v 2.4.0
rbenv global 2.4.0
</code></pre></div></div>
<p>参数<code class="highlighter-rouge">global</code>表示全局设置ruby的默认版本。如果想设置其他的版本，可以参考rbenv的其他命令去配置，这里就不详细说明了。</p>

<p>下面，我们来验证一下ruby的版本。</p>

<div class="highlighter-rouge"><div class="highlight"><pre class="highlight"><code>$ ruby -v
</code></pre></div></div>
<p>你可能还需要安装<code class="highlighter-rouge">bundler</code>去管理你的依赖。</p>

<div class="highlighter-rouge"><div class="highlight"><pre class="highlight"><code>$ gem install bundler
</code></pre></div></div>

<h2 id="第三步-安装rails和nginx">第三步, 安装Rails和nginx</h2>

<p>使用相同的用户, 安装不同的rails版本可以用命令<code class="highlighter-rouge">-v</code>来控制。</p>
<div class="highlighter-rouge"><div class="highlight"><pre class="highlight"><code>$ gem install rails
</code></pre></div></div>
<p>可以运行下面的命令, 让rbenv使用可执行文件。</p>
<div class="highlighter-rouge"><div class="highlight"><pre class="highlight"><code>$ gem install rails
</code></pre></div></div>
<p>验证你的rails版本, 可以用：</p>
<div class="highlighter-rouge"><div class="highlight"><pre class="highlight"><code>$ rails -v
</code></pre></div></div>
<p>下面再来安装nginx：</p>
<div class="highlighter-rouge"><div class="highlight"><pre class="highlight"><code>$ sudo apt-get update
$ sudo apt-get install nginx
</code></pre></div></div>
<p>可以使用下面的命令启动或暂停nginx:</p>
<div class="highlighter-rouge"><div class="highlight"><pre class="highlight"><code>$ sudo service nginx stop
$ sudo service nginx start
$ sudo service nginx restart
</code></pre></div></div>

<h2 id="第四步-安装对应的数据库mysql以mysql为例">第四步, 安装对应的数据库mysql(以mysql为例)。</h2>

<p>你需要运行下面的命令。</p>
<div class="highlighter-rouge"><div class="highlight"><pre class="highlight"><code>$ sudo apt-get update
$ sudo apt-get install mysql-server
</code></pre></div></div>
<p>我们是以mysql 5.6为例子来安装的。</p>
<div class="highlighter-rouge"><div class="highlight"><pre class="highlight"><code>$ sudo apt-get update
$ sudo apt-get install mysql-server-5.6
</code></pre></div></div>
<p>下面配置你的mysql。</p>
<div class="highlighter-rouge"><div class="highlight"><pre class="highlight"><code>$ sudo mysql_secure_installation
</code></pre></div></div>
<p>运行这个命令之后, 会创建你的password, 你可以直接回车不设置, 也可以设置, 你需要记牢的你的password。接下来, 会创建mysql的目录。安装成功后, 可以运行下面的命令查看版本:</p>
<div class="highlighter-rouge"><div class="highlight"><pre class="highlight"><code>$ mysql --version
</code></pre></div></div>
<p>你会看到和下面相似的回复:</p>
<div class="highlighter-rouge"><div class="highlight"><pre class="highlight"><code>mysql  Ver 14.14 Distrib 5.6.0, for debian-linux-gnu (x86_64) using readline 6.3
</code></pre></div></div>

<p>这里有一篇文章讲<a href="http://www.jianshu.com/p/694d7d0a170b">mysql在ubuntu上的简单操作</a>, 可以去看看如何创建数据库，创建表。</p>

<h2 id="第五步-安装配置puma">第五步, 安装配置puma。</h2>
<p>在你的项目的Gemfile中, 加入这一行:</p>
<div class="highlighter-rouge"><div class="highlight"><pre class="highlight"><code>gem 'puma'
</code></pre></div></div>
<p>一般现在的rails 5.1会默认添加。然后再运行</p>
<div class="highlighter-rouge"><div class="highlight"><pre class="highlight"><code>bundle install
</code></pre></div></div>
<p>在ubuntu服务器上, <code class="highlighter-rouge">/etc/nginx/nginx.conf</code>配置一下<code class="highlighter-rouge">nginx.conf</code>:</p>
<div class="highlighter-rouge"><div class="highlight"><pre class="highlight"><code>upstream puma {
  # /var/www/pepsi是你的项目的路径
  server unix:///var/www/pepsi/shared/tmp/sockets/pepsi-puma.sock;
}

server {
  listen 80 default_server deferred;
  # server_name example.com;

  root /var/www/pepsie/current/public;
  access_log /var/www/pepsi/current/log/nginx.access.log;
  error_log /var/www/pepsi/current/log/nginx.error.log info;

  location ^~ /assets/ {
    gzip_static on;
    expires max;
    add_header Cache-Control public;
  }

  try_files $uri/index.html $uri @puma;
  location @puma {
    proxy_set_header X-Forwarded-For $proxy_add_x_forwarded_for;
    proxy_set_header Host $http_host;
    proxy_redirect off;

    proxy_pass http://puma;
  }

  error_page 500 502 503 504 /500.html;
  client_max_body_size 10M;
  keepalive_timeout 10;
}

</code></pre></div></div>

<h2 id="第六步-配置capistrano">第六步, 配置capistrano。</h2>
<p>在你项目的Gemfile中添加如下的几行:</p>
<div class="highlighter-rouge"><div class="highlight"><pre class="highlight"><code>gem 'capistrano', '~&gt; 3.8'
gem 'capistrano-bundler'
gem 'capistrano-rails'
gem 'capistrano-rbenv'
gem 'capistrano3-puma'
</code></pre></div></div>
<p><code class="highlighter-rouge">bundle install</code>之后，运行下面的命令配置cap:</p>
<div class="highlighter-rouge"><div class="highlight"><pre class="highlight"><code>cap install
</code></pre></div></div>
<p>这个命令将会创建:</p>
<ol>
  <li>根目录下创建<code class="highlighter-rouge">Capfile</code>。</li>
  <li>config目录下创建<code class="highlighter-rouge">deploy.rb</code></li>
  <li>config目录下创建deploy文件夹，这里面主要存放各个环境的配置内容。</li>
</ol>

<p>复制下面的代码到<code class="highlighter-rouge">Capfile</code>:</p>
<div class="highlighter-rouge"><div class="highlight"><pre class="highlight"><code># Load DSL and set up stages
require "capistrano/setup"

# Include default deployment tasks
require "capistrano/deploy"

# Load the SCM plugin appropriate to your project:
#
# require "capistrano/scm/hg"
# install_plugin Capistrano::SCM::Hg
# or
# require "capistrano/scm/svn"
# install_plugin Capistrano::SCM::Svn
# or
require "capistrano/scm/git"
install_plugin Capistrano::SCM::Git

# Include tasks from other gems included in your Gemfile
#
# For documentation on these, see for example:
#
#   https://github.com/capistrano/rvm
#   https://github.com/capistrano/rbenv
#   https://github.com/capistrano/chruby
#   https://github.com/capistrano/bundler
#   https://github.com/capistrano/rails
#   https://github.com/capistrano/passenger
#
# require "capistrano/rvm"
require "capistrano/rbenv"
# require "capistrano/chruby"
require "capistrano/bundler"
require 'capistrano/puma'
require "capistrano/rails/assets"
require "capistrano/rails/migrations"
# require "capistrano/passenger"
require 'capistrano/rails'
# require 'capistrano/runit/puma'
# Load custom tasks from `lib/capistrano/tasks` if you have any defined
Dir.glob("lib/capistrano/tasks/*.rake").each { |r| import r }

</code></pre></div></div>
<p>它将预加载你的配置内容。然后我们再替换<code class="highlighter-rouge">config/deploy.rb</code>为以下内容:</p>
<div class="highlighter-rouge"><div class="highlight"><pre class="highlight"><code># config valid only for current version of Capistrano
lock "3.8.2"


append :linked_files, "config/database.yml", "config/secrets.yml"
append :linked_dirs, "log", "tmp/pids", "tmp/cache", "tmp/sockets", "public/system", "node_modules"
set :keep_releases, 5
set :rbenv_type, :user # or :system, depends on your rbenv setup
set :rbenv_ruby, '2.4.1'
set :rbenv_map_bins, %w{rake gem bundle ruby rails}
set :rbenv_roles, :all # default value
set :pty, true

namespace :puma do
  desc 'Create Directories for Puma Pids and Socket'
  task :make_dirs do
    on roles(:app) do
      execute "mkdir #{shared_path}/tmp/sockets -p"
      execute "mkdir #{shared_path}/tmp/pids -p"
    end
  end

  before :start, :make_dirs
end

namespace :deploy do
  desc "Make sure local git is in sync with remote."
  task :check_revision do
    on roles(:app) do
      unless `git rev-parse HEAD` == `git rev-parse origin/master`
        puts "WARNING: HEAD is not the same as origin/master"
        puts "Run `git push` to sync changes."
        exit
      end
    end
  end

  desc 'Initial Deploy'
  task :initial do
    on roles(:app) do
      before 'deploy:restart', 'puma:start'
      invoke 'deploy'
    end
  end

  # desc 'Restart application'
  # task :restart do
  #   on roles(:app), in: :sequence, wait: 5 do
  #     Rake::Task["puma:restart"].reenable
  #     invoke 'puma:restart'
  #   end
  # end

  before :starting,     :check_revision
  after  :finishing,    :compile_assets
  after  :finishing,    :cleanup
  # after  :finishing,    :restart
end

</code></pre></div></div>
<p>在<code class="highlighter-rouge">config/deploy/production.rb</code>下替换一下内容(production是生产环境，你也可以配置staging.rb的测试环境文件)：</p>
<div class="highlighter-rouge"><div class="highlight"><pre class="highlight"><code>set :stage, :production
#'**.***.**.**'这里填写你自己服务器的IP
server '**.***.**.**' , user: 'deploy', roles: %w{web app db}, port: 25000
#项目名称
set :application, "pepsi"
#这里填写你自己的github项目
set :repo_url, "git@github.com:xxx/xxx.git"
set :branch, 'master'
#服务器上你自己的项目路径
set :deploy_to, "/var/www/pepsi"
set :user, "deploy"
set :use_sudo, true
set :ssh_options, {
 forward_agent: false,
 user: 'deploy',
 port: 25000
}

set :puma_role, :app
set :deploy_via,      :remote_cache
set :puma_bind,       "unix://#{shared_path}/tmp/sockets/#{fetch(:application)}-puma.sock"
set :puma_state,      "#{shared_path}/tmp/pids/puma.state"
set :puma_pid,        "#{shared_path}/tmp/pids/puma.pid"
set :puma_access_log, "#{release_path}/log/puma.error.log"
set :puma_error_log,  "#{release_path}/log/puma.access.log"
set :puma_preload_app, true
set :puma_worker_timeout, nil
set :puma_init_active_record, true  # Change to false when not using ActiveRecord
set :puma_threads, [0, 16]
set :puma_workers, 0
set :puma_init_active_record, false
set :puma_preload_app, true

</code></pre></div></div>
<p>然后就可以提交你的代码到github。</p>
<div class="highlighter-rouge"><div class="highlight"><pre class="highlight"><code>$ git add -A
$ git commit -m "Set up Puma, Nginx &amp; Capistrano"
$ git push origin master
</code></pre></div></div>

<p>最后在你本地机器运行:</p>
<div class="highlighter-rouge"><div class="highlight"><pre class="highlight"><code>$ cap production deploy:initial

</code></pre></div></div>
<p>这个命令会将你的应用部署到服务器，等待的时间会有一点久。有可能会有一些error存在，你需要去stackoverflow上查找答案，直到你配置正确。</p>

<h2 id="结论">结论</h2>
<p>Rails App 会有很多种部署方式，cap只是其中的一种，mina和他比较更为小巧。有兴趣的可以去看看mina的部署，google上的文章也有很多。如果有什么不明白的，也欢迎给我发邮件。</p>
:ET